
> nexus@1.0.0 build
> vite build

[36mvite v7.3.1 [32mbuilding client environment for production...[36m[39m
transforming...
[32mΓ£ô[39m 18 modules transformed.
node.exe : [31mΓ£ù[39m Build failed in 462ms
At line:1 char:1
+ & "C:\Program Files\nodejs/node.exe" "C:\Program Files\nodejs/node_mo ...
+ ~~~~~~~~~~~~~~~~~~~~~~~~~~~~~~~~~~~~~~~~~~~~~~~~~~~~~~~~~~~~~~~~~~~~~
    + CategoryInfo          : NotSpecified: ([31mΓ£ù[39m Build failed in 462ms:String) [], RemoteException
    + FullyQualifiedErrorId : NativeCommandError
 
[31merror during build:
[31m[vite:esbuild] Transform failed with 1 error:
C:/React-Projects/04-react-project/nexus/src/components/Navbar.jsx:16:18: ERROR: Expected "=>" but found "="[31m
file: [36mC:/React-Projects/04-react-project/nexus/src/components/Navbar.jsx:16:18[31m
[33m
[33mExpected "=>" but found "="[33m
14 |  const progress = useScrollProgress()
15 |  useEffect(() => {
16 |  const handle = () =&gt; setScrolled(window.scrollY &gt; 40)
   |                    ^
17 |  window.addEventListener('scroll', handle, { passive: true })
18 |  return () =&gt; window.removeEventListener('scroll', handle)
[31m
    at failureErrorWithLog (C:\React-Projects\04-react-project\nexus\node_modules\esbuild\lib\main.js:1748:15)
    at C:\React-Projects\04-react-project\nexus\node_modules\esbuild\lib\main.js:1017:50
    at responseCallbacks.<computed> (C:\React-Projects\04-react-project\nexus\node_modules\esbuild\lib\main.js:884:9)
    at handleIncomingPacket (C:\React-Projects\04-react-project\nexus\node_modules\esbuild\lib\main.js:939:12)
    at Socket.readFromStdout (C:\React-Projects\04-react-project\nexus\node_modules\esbuild\lib\main.js:862:7)
    at Socket.emit (node:events:508:28)
    at addChunk (node:internal/streams/readable:559:12)
    at readableAddChunkPushByteMode (node:internal/streams/readable:510:3)
    at Readable.push (node:internal/streams/readable:390:5)
    at Pipe.onStreamRead (node:internal/stream_base_commons:189:23)[39m
